3.978858011834165
3.917137960170178
3.9155818426862674
3.9136372373459185
3.9087974314994
3.900557723451168
3.8904158054514135
3.880714342949238
3.870549404874761
3.858434743069588
3.8457667015968484
3.834263416046792
3.821668546250526
3.8080114658842694
3.7977345623868577
3.784530200856797
3.7734077686959124
3.7618714951454324
3.7522775163041784
3.7410630317444498
3.724955272167287
3.7200289355947618
3.714859500844428
3.7101654575226153
3.7082050886559994
3.709375553942741
3.70204111870299
3.7016142530644194
3.6992034607745232
3.6992409914097886
3.6939515991413847
3.6919192887367087
3.688872565614416
3.683763975792743
3.6869899541773696
3.6837954470451844
3.680462078845247
3.676793709714362
3.676821878615846
3.6744633836949125
3.6723226917550917
3.6710605367701103
3.6705977003625097
3.6710150317942842
3.6726798859048397
3.6716586275303618
3.6699944557027613
3.667906056059168
3.670467046981162
3.669941280750518
3.6683035277305764
3.665204768485211
3.6706134182341557
3.669229175182099
3.6697952950254398
3.66968804724673
3.667772189099738
3.668605236296958
3.666478392925668
3.669184202843524
3.6675020532405123
3.6651236934864775
