1.3767260837904867
1.372709164278617
1.3726837900777935
1.3725401576442746
1.3719960956969668
1.3708770182365153
1.1081997049642522
0.9731257632036605
0.947718020188282
0.9297309558297702
0.9171909938918225
0.9149526167820781
0.9154460442957595
0.9073365119981146
0.9111019959307546
0.9009103928865347
0.8984435054161136
0.8955217180439426
0.8962417913615665
0.9034594969326419
0.8974141288232951
0.899579410826345
0.890501089167249
0.8990402084657215
0.8908285538329485
0.8937850807940005
0.8901078378218404
0.8911942495599305
0.8877591620606368
0.8896573722507682
0.8914102309403416
0.8927801357465691
0.8913086970505817
0.8887798932747487
0.8934217047939611
0.891340533637679
0.8926249416941189
0.8912200632810492
0.8924736368315803
0.8882328483498563
0.8898125210238739
0.8875440840836952
0.8915322263821117
0.8898671519814959
0.8949535793818739
0.8918071314326405
0.8873488058088571
0.8879564883495549
0.891822559362398
0.8875933098200146
0.8924309723921879
0.8903366521983889
0.89142040927113
0.8906191748495725
0.8884334663898564
0.8886870767502772
0.8885956206936749
0.8906630935237124
0.8924487789681014
0.8878738622617771
0.8932006498821407
0.8886959485805922
