4.083080782842795
3.988579891844841
3.9188249491377922
3.883633397346319
3.860897893525437
3.8527096767362172
3.8394609685752084
3.8320334971545145
3.8240412041990464
3.8151792822486144
3.8131210114868774
3.805549241379646
3.8053625224040593
3.798539792184418
3.7970663645734817
3.796157322056666
3.8026378756741748
3.786344273145809
3.7893337514313354
3.791799867668025
3.7743542178524687
3.769226864722876
3.768813107100832
3.7724032576298
3.7663214262141738
3.765550722711506
3.7612391080571173
3.7645302452518297
3.760668723686193
3.7671292263804084
3.7600623864272107
3.761949664334522
3.7576046362271738
3.7623961716395278
3.759375054970928
3.762077644417848
3.7593240729994157
3.7612213914180517
3.7618517836066974
3.7677786976000003
3.7611060704899786
3.763546784454802
3.760828178982402
3.7560872611809413
3.7597402995606988
3.7610374764350563
3.75961501812222
3.753885262828333
3.7690135181148188
3.751153457996457
3.755943257151252
3.7472837335643576
3.754793269293649
3.758190364932697
