1.6618852471604544
1.5898884989944473
1.5681432074325778
1.5612866412488358
1.5581332458604924
1.5530737354834707
1.551208307243482
1.551454733391853
1.5425203521942914
1.5421501025270545
1.537643081802931
1.5403217256296846
1.5432723941090924
1.539680114849915
1.538297332347623
1.5432432536322078
1.5415899880660888
1.5345521817003558
1.5406233642455949
1.537718226404576
1.5338919744038346
1.5371262945741497
1.5380236838307915
1.5416140831984082
1.5379875691491613
1.536965926487309
1.5409494819337244
1.5397319759699126
1.5395232699490888
1.538361670494155
1.5378249795595487
1.5390763995871015
1.5399120254615046
1.5400761248628043
1.5391489851492373
1.5392980332886381
1.539046447690628
1.5378323023436105
1.5370724414116204
1.5414171665468641
1.5394064703831607
1.5385474864077633
1.5417541034589863
1.5389173248796206
1.5389914430309302
1.5402565846464342
1.5390170811782884
1.5358157375222246
1.5405256409322257
1.5387489580939757
1.5380058382865047
1.5367200844389666
1.5368387238281496
1.5397535098919857
