3.792120653133456
3.6526991330904024
3.6451960790196924
3.6781776513768194
3.708032108224508
3.6523524558425344
3.5907639609618838
3.486048928922989
3.2747323093224208
3.098454991052317
3.2808759228335664
3.0146768394102685
2.7075500733828624
2.590680731491393
2.5078914038762696
2.4660114750909647
2.4423913274492537
2.4278650283813477
2.422576292804705
2.41787659290225
3.771170967837109
3.554526853402984
3.541100346764853
3.6614922439537176
3.433773652263654
3.4674079893435357
3.2741021888200628
3.0398649060448935
2.818367070929949
2.672242909174821
3.7785859638670356
3.78348823876872
3.6034393381834824
3.548980825367164
3.438674922797371
3.7466032116912134
3.737717874026378
3.6143413595979
3.3883571292078773
3.3186411588294957
3.541814527638331
3.166849978342405
2.974660964503241
2.8241474335375814
2.689859686499814
2.5922266130035503
2.5226587726428265
2.493722136234524
2.7804509722117174
2.950112911553874
2.583969212053622
2.464176686499206
2.4572573864578806
2.4384609155876693
2.432187462961951
2.4222284107905288
2.4127276339800257
2.4064640531508235
2.404344662479388
2.401557447902388
2.395582929402095
2.3928092413170394
2.3905233655657088
2.3885187120532674
2.3850903701148556
2.3810205641775037
2.3778213710087877
2.376740899196891
2.373907380721894
2.370916127366481
2.370508544864845
2.3692621178801274
2.3656785860410166
2.3662514710347122
2.365332020477599
2.3640989457253996
2.3649666847976736
2.364039133553489
2.3634864523561294
2.3632161039054593
2.3624219300342952
2.363906498367208
2.3619149958968557
2.3622292307920234
2.3629910153804032
2.360547402372392
2.361003119288093
2.361084835077837
2.361269177788516
2.3600753993291
2.3616232673987203
2.3590601163845126
2.360099986542103
2.361876462385108
2.360832772777722
2.361500157866367
2.3608251227888952
2.3602389085332423
2.359914619661249
2.3594808483440612
2.3622702102724498
2.360321642156455
2.359214547464618
2.3595165089515358
2.3598276451972633
2.3591268807154555
2.359354259959883
2.360732431823629
2.360018007779042
2.359453998926866
2.3610075644876476
2.359709976519461
2.359778724239514
2.3592937895625927
2.360833594173292
2.3595504491432164
2.35904124567279
2.3593005951852892
2.3598650642407693
2.3593659828667626
2.3603761512971797
2.359812612945455
2.3597736683398782
2.35933517934476
2.3600628811655646
2.3590834418008493
2.3594958085158337
2.3605841869531674
2.359644630818668
2.3596231493839
2.359352221124592
2.3589110524947463
2.3597898950608465
2.3599637022050115
2.360895178246736
2.359409974659004
2.359890644732504
2.3595462312730047
2.360573361482335
2.3603576536590474
2.3599753823391225
2.3596520621911234
2.359964219438673
2.359751414619015
2.3592307543833786
2.360066198431376
2.359381278091887
2.359156580066364
2.3589024900201943
2.358850601107575
2.3590884169074786
2.359904706676141
2.3593743544480335
2.3591856988165465
2.360083973684976
2.359738050505172
2.360184984745773
2.359910709913387
2.359032849536782
2.3594667436276557
2.3597547184193255
2.359676333360894
2.35869491932004
2.3595041618790735
2.359682616997399
2.359602678653806
2.3585515655948472
2.3589123610246223
2.3585715729532843
2.3596410030542416
2.3594562738044713
2.3606690156499415
2.360436939321879
2.358521516140909
2.3593382954201427
2.3592234584580227
2.360101592897181
2.3591020463709023
2.358794035705617
2.358998477656976
2.3594042605339887
2.359714780535017
2.3602276133540463
2.3591811134173626
2.359445022190132
2.359336952038382
2.360331052165491
2.359097337405943
