1.5288192460135792
0.8144826785626305
0.9385496671871906
0.8458984690103777
0.781885453134243
0.7614421919188452
0.7077613629468958
0.6469522713720639
0.41534074426468526
0.3311429472201287
0.6124014961991918
0.22629780083595888
0.08513472425475473
0.05277174823819975
0.03584162368772485
0.026969120972388284
0.02178803241924624
0.01870534337315759
0.018471377229490184
0.015607334398106744
1.5391355238959654
0.7142619442455026
1.3836425565547745
0.9816699367609693
0.5489850860510791
0.8026414433920125
0.4349502822254744
0.24755955470163243
0.12419615564836597
0.07225044866717945
1.5071633214402878
1.4678574714418862
0.7928073198816484
0.7991851497872048
0.9300649236219424
1.990792135412395
0.8231553563889238
0.8113682223046761
0.5080364107206738
0.8342769474941605
1.6153264562868712
0.33222136103857836
0.21174545717497736
0.1309171556971416
0.07995895992942097
0.05359244247042755
0.036051086203403325
0.02769062863484878
0.24887834181154503
0.19886813075054727
0.09345628405472879
0.024325540934566046
0.023332287953454607
0.02027725345801854
0.01800590601826817
0.016711815713304753
0.015038462080681762
0.014100353914239697
0.013285963133071007
0.0121570060702921
0.010858950136496664
0.010336793677348344
0.00985847837788973
0.009615105635089428
0.008328277932489497
0.008233876609980364
0.00688106590179881
0.006945044174382133
0.006218672826712324
0.006083623437700878
0.005523125244964826
0.005771772493719881
0.004982310025843246
0.004735422285459729
0.004608034908900211
0.00475077019110626
0.0051985912497784946
0.00461071582513351
0.004548698889653505
0.004353856377095023
0.004506528207060469
0.003919491416647533
0.004261732900319794
0.004263793569027248
0.004006059345022687
0.003707600405969459
0.004099049208352731
0.003905626559730573
0.0040846995614864205
0.003815458502991527
0.003979055955336948
0.0036000224643173524
0.003835976304094737
0.005120031480662969
0.003680976950798283
0.003647660125070583
0.003449556770544982
0.0038118985282940758
0.003617602092843063
0.003741716299362949
0.003870514387421892
0.003672359944710279
0.0034611937821202397
0.0034474510543638192
0.004787897937758292
0.003512995930306087
0.0038297310648096705
0.003537975040383402
0.0035183611665153924
0.0035801867557029576
0.0036143404839882086
0.0034253412054203384
0.003565173075034804
0.005265560232812418
0.003449270193317905
0.003439713755160406
0.0034451849236501746
0.0036211178057522467
0.0034971953250032563
0.0035599810408313915
0.0034912325419916975
0.0035932237749895755
0.0033973290682716385
0.0032936622888760877
0.003656208131476838
0.0038005590792852257
0.003773704949976016
0.0036049965267467006
0.00359595168284419
0.003572107891208763
0.0035253485070027464
0.0032754917373452774
0.0036822304860860923
0.0035708422603746904
0.0047111779510158654
0.003549435742853863
0.003489524365079118
0.003491518816044464
0.0036614697031802684
0.003675152634532392
0.0035657165899344767
0.0037924326782084804
0.0034383978755940475
0.0033813470117946974
0.003428894102695583
0.0032766730416913083
0.003599095976106128
0.0038108441522513438
0.003513575467544839
0.0033813794902118224
0.0048760443930573934
0.0034920988603470526
0.003672486408010691
0.003532646433826213
0.0036005973157151594
0.0032606926153350545
0.003429417016651881
0.0034059441399010826
0.0034683849999931882
0.0034950804587822967
0.0035023120546954357
0.0036184528777477125
0.004145620522632915
0.003552289477533174
0.005077899904891609
0.003444855288864748
0.0031971891423194245
0.003690729162598833
0.0033040291214080247
0.003434757876542134
0.0036088218922341736
0.0034792509899371255
0.003448761731459795
0.0032988235483224367
0.003271875081582431
0.0032769367078363757
0.0035863848660696003
0.0033222656026216206
0.0035202993810306807
0.0034339386198646957
0.0035416103888385227
0.0034840609435083914
0.0036582202467276416
0.003415588564583646
0.0036788346284974487
0.0035814946679717805
0.0034507765984439025
0.003524930851874675
