3.728044039831249
1.0104283685790978
0.8138967213706779
0.8028773403993527
0.7899041635612756
0.7674395220129049
0.7358409995832702
0.6881405730193478
0.6179252385890099
0.5692511064021438
3.7155663687078286
0.9371497320993555
0.8097007037169711
0.7997188318436111
0.7923052373194167
0.7789270637007474
0.7527222379354153
0.7019054566402924
0.6366519110075181
0.5894111118055994
0.5377054934282406
0.49049762136999925
0.4491866303887469
0.4084326403019325
0.382223427311425
0.35904949298333594
0.33177638681788396
0.3083761971935388
0.2822932485188606
0.3398816586235261
0.5610413017257851
0.3608866777919306
0.27061451174104006
0.2592683603438623
0.2326149278724138
0.22182296308305122
0.21438318541591186
0.207045646826181
0.20121344916848388
0.19632004520951063
0.1907676622182498
0.18595398431253948
0.18221851199974545
0.17652844893726974
0.1725874124360821
0.16890612936754776
0.1644946485395055
0.16229573156445246
0.15714280126775154
0.15559905878741953
0.15193276662652308
0.1508899756122051
0.14971224502052694
0.14960437724618303
0.1497466232616584
0.1466981207000616
0.14793453803221654
0.1472478092788995
0.14627592762795866
0.14586505570977465
0.14605352117843046
0.14595116866499655
0.1449899184644469
0.14536503062558231
0.1429294894241207
0.1448407290396994
0.1428270893249886
0.14256718005509428
0.14257001570542566
0.14269475554548194
0.14208682327335587
0.14341257386625642
0.14237643743165979
0.14293297305396582
0.1428792148373778
0.1425652440035464
0.1433395882164753
0.14300463510175365
0.1420002764131538
0.14333382983249995
0.1421013098817316
0.141662747639937
0.14225409034170855
0.14240726086935598
0.1420691498241422
0.14129027272281444
0.14224135053293474
0.14201290732571906
0.14198119607351015
0.14092243074820912
0.1429697051901343
0.14111490600305615
0.14124269201376674
0.14241255213767443
0.14093399967414458
0.14253735703283732
0.141585192667255
0.1404171092637481
0.14271929636422565
0.1408967909904389
0.14131417950336342
0.14125420123001528
0.14132660939464842
0.14283128381358112
0.14063940884652273
0.14118833439141348
0.1421907713667849
0.14238472850300088
0.14194086113354526
0.1416443970481664
0.14246899708250463
0.14203161290444716
0.1402023168947705
0.1410166191004594
0.14157593012333455
0.14097349857952093
0.1421630979082374
0.14163791460503794
0.1424989004833647
0.14177708368877753
0.14146920598928908
0.1410949409888639
0.14292922213112133
0.14178991945230365
0.1417860538109828
0.13987531221140614
0.14278181798182443
0.14041338342987303
0.13980829117532523
0.14146448036219414
0.14142553219390755
0.14213401982949064
0.1416523630611174
0.14173974054782468
0.141057604582372
0.1423799064804482
0.14093407530080318
0.14204699471037138
0.14054844869055735
0.14080076335755845
0.14141605253386724
0.14157269509386575
0.1404275231257797
0.14151060151932146
0.14260323062500455
0.14169740099380249
0.14195960393898693
0.14049608048354859
0.1410084225030218
0.14064227507937135
0.14154793173474267
0.14028312748082006
0.14023822352410886
0.14052368621476827
0.14244117182147065
0.14177005319441102
0.14162894535127332
0.14032395858020993
0.14168333214785417
0.14135237261522965
0.14120459845531702
0.1424321811734473
0.14114268732005933
0.14116100550680527
