3.842259267635916
3.793390091867542
3.7708316292873647
3.7447189864922206
3.7048932595110413
3.646711298001565
3.5795160884476975
3.495174671724389
3.4196954272514164
3.3653305107572944
3.8417604064624573
3.7932741673681822
3.773147636869817
3.7511785521459737
3.7217857560446097
3.677303838571441
3.6093682854674585
3.527711119762687
3.4442887773545476
3.390603929659061
3.325896970457413
3.2690248695322843
3.2204190076783648
3.161977286354648
3.141713274673766
3.1106344908970933
3.0562591267582584
3.0309146496148602
2.9879553904169027
2.9775890781237835
2.960099089581309
2.9104383261100795
2.884933297420261
2.8691335627406933
2.8518529437309086
2.8350599501220093
2.825855385821523
2.812077255344074
2.800407020752612
2.792747236169454
2.788652184001631
2.780191863494062
2.7749467149525384
2.7597066270948645
2.7560756681765435
2.749723862968014
2.743112240122798
2.741031741779112
2.729673295322051
2.7247359459582357
2.7165835854223004
2.7142884073859435
2.709915110439161
2.712203623052451
2.712070513405277
2.7045401568428624
2.705614217492037
2.707948167458721
2.708234403616566
2.7056416316681924
2.7072024725600334
2.7066767572168495
2.703446082498544
2.7046003840690434
2.6970675831221267
2.7042006384890738
2.6982375347733103
2.7021775491213877
2.6987123655718426
2.699703892996145
2.6993992075175544
2.7046683729685026
2.698928575579114
2.6997977015980057
2.696809085896641
2.6992778255297893
2.698198626603795
2.6980786014632927
2.698705724703513
2.7005007171947693
2.6996864670534864
2.697328102549049
2.698883598429024
2.6974825106585936
2.6964899495590564
2.699387318272131
2.698095846809818
2.6999882281420633
2.696582480522485
2.6978735757428547
2.7021926859288516
2.6987980322980407
2.6965386455637277
2.699265346178581
2.6957299408326514
2.6988194432369497
2.6951384924574944
2.695346637421668
2.7008513857755947
2.6965914525066896
2.6979390656037188
2.69702678106948
2.6976559193823424
2.6961527987572045
2.6960730227917136
2.696701644663003
2.697763063582867
2.697798938846271
2.6983228632778027
2.69464920525535
2.6992368721882767
2.7008233799094774
2.696518678601794
2.696090063779457
2.697053946529908
2.6950681700658956
2.700761612863636
2.695088028511732
2.699204062306604
2.69762692182167
2.6960933699560323
2.6932742643197907
2.7018311720749866
2.6994863903007635
2.698798562205115
2.6959302433305403
2.6996429014047516
2.6975458436630095
2.696475154141651
2.6984871415996867
2.6967395389594904
2.697474269771893
2.6959499892998378
2.6976973036198917
2.6974725160883906
2.699180164210424
2.695562039498871
2.696930795016875
2.695140009306594
2.6954921781026644
2.6948921458665716
2.697495489817521
2.6930126415138624
2.6959510095095713
2.6964132199651774
2.6941690563759533
2.694943412989873
2.6965786087948618
2.696770337728963
2.6955760349070905
2.6943763989546765
2.6956124250278917
2.692436685593817
2.691620464736837
2.6991051700820163
2.69588738501666
2.69645310477957
2.6968184903610584
2.6950716845616944
2.6956938176456084
2.694517418395641
2.69784652988776
2.6938774633249176
2.6947711646754877
