3.669367766154161
0.8831107152541421
0.8140565150167783
0.8038006936394826
0.7985020629385673
0.7901256628353116
0.7729698486971345
0.733037958420951
0.6677702480934153
0.6039822056595736
0.5464519527606685
0.5036125554819354
0.46511713814455086
0.47389867833175636
0.4181840047478508
0.3780166615945133
0.3441726085852709
0.32206165139090387
0.29762088430117273
0.282048771152479
0.2565761950752726
0.24122915729342115
0.23322906806913749
0.22507591602005933
0.2168157610367065
0.21269705351005885
0.20760699605678848
0.20351132671390149
0.1974376884769746
0.19512643933155358
0.18734194176134247
0.18533680094900695
0.18105691622554468
0.1755478555191782
0.17161526492846316
0.1673063600621855
0.16497683083311954
0.16067012304981734
0.15661710416134852
0.152693867348728
0.14854071670785265
0.14746686752295718
0.14888584173239958
0.14530939418169758
0.14759858560996855
0.14613561897332697
0.14587124963452
0.14592674031270575
0.14443497296331373
0.14498227590314747
0.14481306550670844
0.1436486948439603
0.14464751836600567
0.14276702061993754
0.1435469567610833
0.1431085307632919
0.14353931368134576
0.14241800759657103
0.14073163925651502
0.14179360816210076
0.13877129315692585
0.1424997251405082
0.1414650324133729
0.13984495466992564
0.13980303250472073
0.13999596708715384
0.13982329217619519
0.13863579800299744
0.14007666868706103
0.14059648149531476
0.14020289894332263
0.1403930792474607
0.14008540167847036
0.14033259569250994
0.14087048828693838
0.14075000564951448
0.13838125742808538
0.13897554823784788
0.13861218464878056
0.1395560236061053
0.14001397728849885
0.13843332661116345
0.13939068725186235
0.1391262742377139
0.14043645507912456
0.13774316337446418
0.13831996411952122
0.13886163915850003
0.1398492694407282
0.13918197898123422
0.13942948867432567
0.13921162075496016
0.14082278620675917
0.14080617859144764
0.1391424147987669
0.13674799764156323
0.13885951975692937
0.13852766331391655
0.13852133139237946
0.13821376910553645
0.1393786232569164
0.13926503191440198
0.13835584997183245
0.13935516321271127
0.13961823451261277
0.1389294265017226
0.13898016086838752
0.13970298559189018
0.13785492937890423
0.13877740301094782
0.14061890011633443
0.13871438496294738
0.13972168682317562
0.1381337984470304
0.14040460570293053
0.14007058042160891
0.13973663063194885
0.14038866113435736
0.13860282409505575
0.1389356400849889
0.13882469212236312
0.13914791501913992
0.13924558528211145
0.13932432859581373
0.1379682926719933
0.13906624468886428
0.13996532675025744
0.13955898358751004
0.13920056886699542
0.13936561131753356
0.1401803294269628
0.13974591004307516
3.710037699585548
1.0590461147631887
0.8158400310598668
0.8073313848033223
0.7948122160871095
0.781382848202678
0.7473852762257672
0.6941480001515774
0.6342556782723497
3.7384834451940434
1.0301522370713612
0.8170043305165349
0.8025587407216964
0.7964933299168496
0.7887916178798736
0.7812181406893904
0.741976884080136
0.6817779492812286
0.6146625021763703
0.5658929026253822
0.5206284806146891
0.47744446058026807
0.44807917054355517
0.4203057533385981
0.3834755800585166
0.3576166880931478
0.3386935391573217
0.3129228171698243
0.28456001186104013
0.2552246015369792
0.2432682877595137
0.23626646580650212
0.23137827762954288
0.2241672855890545
0.2206196092998911
0.21152728974915305
0.20756397282238098
0.20131511017595188
0.20106465689244732
0.1944616713308424
0.19207366928278644
0.19019893737752683
0.18546582875867548
0.18135401354953354
0.1785106684325457
0.1769840884566128
0.17195327328910193
0.16801426778351053
0.1642456258396859
0.16302797678641928
0.16069007995420231
0.16073948825919257
0.15992153486510582
0.15988814387647965
0.15845646888335707
0.15804520098614067
0.15747368259449984
0.15862396952669253
0.1587258867542076
0.15680347129473143
0.15814093969030618
0.15657929809769228
0.15626871103314702
0.15728550671119
0.15500530038123111
0.15457532910948896
0.1555716426343368
0.1555234387213042
0.15441186755755337
0.15289777569615437
0.15374349082269312
0.15353966101142913
0.15431699915928718
0.1548177160708185
0.15362235468717145
0.1522037912777275
0.15332674823251705
0.15238832370183403
0.15447101883747089
0.1527091150250304
0.15219008574637002
0.1535459230873521
0.15250500847739293
0.15078774796944974
0.15265902713800616
0.15387954524949923
0.15339861682757439
0.15218729617861235
0.1536759920400696
0.15342794791800402
0.1525639715792587
0.1528749156091142
0.15245660802250252
0.1526879136093763
0.15272388217910576
0.15244316383147333
0.15365188061000745
0.15222645453737768
0.15275129526950088
0.1519967474063759
0.15153420810245222
0.15291413327558298
0.15321636008869483
0.15164705633048914
0.15267295348444102
0.15296266606744835
0.1521810812005637
0.15220281904015306
0.15249579376542197
0.15333631577516155
0.15314293115547223
0.15160729393563643
0.1518710771553748
0.15080961062630902
0.15086153339919234
0.15370149353426202
0.15113926061551788
0.15221594773015962
0.15157578786838505
0.15349114706996178
0.15123376787490042
0.15280449392193207
0.15116825919640448
0.15234757014884498
0.15218619103966136
0.15273337701026915
0.1527721828086358
0.1509591844129719
0.1543650700462473
0.1518199561958321
0.15052846283733007
0.1519694515613798
0.15176405995723233
0.15298162211828403
0.15351510280048608
0.15326852762075185
0.15266951370929227
0.15282111725364014
0.15160050935896122
0.1523874080955515
0.15039125535355577
0.15281695995372188
0.15257105428217374
0.15278714134548235
0.15256183437019427
0.1518837640884128
0.15361851348101987
0.1518623825894523
0.15098654813894002
0.15218621940676605
0.1514096270875388
0.15175002121705522
0.1539156618694171
0.15267892363810556
0.1531882805684639
0.15317267946922866
0.1546691798124096
0.15184945122825597
0.1523949705546177
0.1517617585882054
0.15381593953864992
0.15254755768830922
0.15367541023307704
0.15386172876295306
0.15191547499111338
0.15203996665447286
0.15368590456432835
0.1537506873462161
0.15263397315119456
0.15309349812077486
0.15200587120869424
0.1522538384111554
0.15090620824653703
0.15255086994397624
0.15106089232993739
0.15175206206340758
0.15163958688453938
0.15175451710926907
0.15341236137208367
0.15395854619578736
0.1513363148468208
0.1537348418408891
0.15388454403837043
0.153224112068568
0.15093690315452576
0.15082472212527662
0.15145938018750404
0.1512795802518236
0.1534531309971163
0.15085784391048743
0.15144409263806194
0.15278366537814436
