3.5315663184311026
3.4589466341118564
3.4419325420684053
3.4174471472266905
3.38198210116931
3.334849685207567
3.265023032923292
3.1470769622973966
3.0128099121655016
2.906340442096206
2.799788027927465
2.739186338058434
2.658350303583312
2.648712628500123
2.540044668606689
2.4748946788007777
2.3956419422739463
2.356401540394733
2.284054212736667
2.28374058350066
2.134544662109337
2.090488649663188
2.061678247261523
2.0447696381970832
2.024989126923673
2.0018376382509073
1.9960868379421661
1.9811076407420665
1.9705529314026868
1.9635771218678006
1.9375678972710397
1.932151060449215
1.922919951472199
1.9114743117382402
1.906258537585004
1.889487686894481
1.8759069091958596
1.8653529796219823
1.8581217013095086
1.8472052319091454
1.8300758094858944
1.8250940904355704
1.8279401560376707
1.8241778258373613
1.8285943034878396
1.824361152482449
1.8240765609646081
1.820603034442797
1.819758526702177
1.816743816223525
1.8178224569544232
1.813744865748056
1.8160049603169697
1.8106460865596286
1.8167965296200683
1.807897948862014
1.809540282461114
1.8118265742375665
1.806497259627554
1.8072841672825992
1.8037266062382153
1.8091461810090594
1.8082761901275177
1.8064218379018313
1.8015160337647893
1.8050042896199405
1.7999171663698115
1.800965128991372
1.8046018765157001
1.8056982559456196
1.8046321999699695
1.8034680142366974
1.806948572322912
1.7997671579779533
1.8063127783468536
1.8072750627845897
1.798109945810941
1.802944215753132
1.802251410900506
1.8001912243645686
1.8050392491561813
1.80240523309779
1.8014310075160571
1.801722289023554
1.8045384348776572
1.8026565167672022
1.8017374491156486
1.8068249612080487
1.804150887558288
1.8004256317443086
1.8054776049017014
1.8017566736202288
1.8020938628926837
1.8030526391288586
1.8044914830652556
1.7965295157230405
1.799223591264644
1.8007560801922236
1.800312739357984
1.8018363987715762
1.8014616294394705
1.802909165843764
1.8035785111405902
1.8012944846379193
1.7999953614208763
1.8031478754600088
1.8003047104191008
1.8016852681476279
1.8010964200383708
1.79990691199267
1.8011768654992157
1.800759693036353
1.8027448279601974
1.800665645528018
1.8046619574030736
1.8005361646190843
1.8072452527329215
1.804549539475667
1.7978615951062438
1.8031433166708435
1.8017513071212388
1.80148334009689
1.8051468300403204
1.8013570451379715
1.8041070548078961
1.7996532750545893
1.7991320126669068
1.8018185884280693
1.8030694868796484
1.8003124370241999
1.7993444516474468
1.7984579331857011
3.531570613532887
3.457831954123671
3.4303213111182997
3.3998129682945195
3.3525584790474756
3.2798719614223946
3.168311759420761
3.051498672908678
2.941538229250254
3.5353367298915797
3.459721467738734
3.4400609752483797
3.417305690094717
3.387230904025033
3.340413100107055
3.2631354320079016
3.152416857103457
3.037879157244713
2.9299256569726806
2.8430660139592807
2.7644721641207575
2.675296671669977
2.6320212208422045
2.556986829586457
2.4636872112007806
2.4277993580349664
2.3710909971869794
2.3215892630027715
2.2323578016419066
2.104495232242004
2.068369036600774
2.0498682988849364
2.031474093546594
2.0118561638263692
1.9990402445234265
1.9814702287279162
1.9664273826855971
1.9516681034368768
1.9451390501864236
1.9353674448041844
1.9344549515003575
1.921571284458227
1.9016177125107916
1.8911897779402886
1.8897953182087277
1.8854860082231555
1.8702556248614912
1.8665886136361787
1.857451270643315
1.8453563451766968
1.8374383211730425
1.8347028701977242
1.8349358033658263
1.8379087427310516
1.8316418898670452
1.831700161508194
1.8335929184483173
1.8303005873711031
1.8317224352139785
1.826314266483088
1.829670077844748
1.828368853155217
1.8267047336868514
1.8266384473762607
1.8224605699429786
1.8197977750973213
1.8183878740467634
1.8224788375031622
1.8196429671194785
1.815204406022431
1.8160408711492866
1.8197428734225227
1.8168086503211993
1.8173923751065262
1.816345563553218
1.816648241290428
1.8160310088844964
1.8159560711306526
1.820206107344116
1.8154052927012456
1.8187560211690583
1.815036378299209
1.8128111775676508
1.8103866303650815
1.81743698256866
1.814886835447868
1.8159798969354415
1.8166974830508529
1.8201069680235333
1.817690994079571
1.816019467582132
1.8192059628089468
1.8119034324203644
1.815114989839587
1.813333174236992
1.8190547031654682
1.8159427693359869
1.811876617762216
1.8163006270020978
1.813313652155108
1.8149593910968809
1.8145410015696004
1.8184510799417473
1.8136830650957445
1.817630659612337
1.8146782096781933
1.8150383923713702
1.8153744293864529
1.8167539915241804
1.8141834447508738
1.8125519276854403
1.8110427244048464
1.8149689340829254
1.8123439119343745
1.8101913352262349
1.81786735069722
1.8101386129112909
1.8164666014121953
1.8123865597265914
1.8153722428918777
1.8113377397494423
1.8147337222634408
1.8108725512116925
1.8138448273451846
1.8097710460796024
1.8149895132925742
1.81421235612503
1.8095423072353563
1.8161606645940842
1.8128510098207622
1.8149507815701111
1.812951373043203
1.8143034486699283
1.8198482722712872
1.8169823697677574
1.818429821149964
1.8133884457281402
1.8160318055949602
1.810120178577014
1.8155213630110247
1.8139860080067356
1.8149056627863362
1.81506260226195
1.8150413292007257
1.8159802471313096
1.8141204115755838
1.815324192927068
1.8121380256001194
1.8100687268368918
1.8184905631881105
1.8135591418368562
1.8106696287592747
1.819689828856033
1.8159368335457513
1.8156756778013081
1.815242003324323
1.8159370398580879
1.8116444144165724
1.8125951370396223
1.816001494923732
1.817521083979238
1.8138751451511335
1.815584820404909
1.8156216263473777
1.813993350228764
1.8156565249412138
1.8141589598762722
1.8142646078456963
1.8152095451022028
1.8148452447834158
1.8138214325964301
1.813438518088952
1.813342073909065
1.812492211857936
1.8126698030795243
1.8146951415592298
1.815743525426584
1.8160424529762933
1.8148006848860858
1.8153956739087949
1.8131482054170527
1.8173053787830762
1.8180995959593471
1.8166952769357962
1.8129539905938128
1.8129428247561181
1.814204503473201
1.816461968303024
1.812258129999822
1.812938655106504
1.8094349442574746
1.8139243137806729
