3.647197707723019
3.6318842627759436
2.9963755853862626
0.9340354237404344
0.8306426699846768
0.8173153164625704
0.8151076186599958
0.8076363413666202
0.8048418110212626
0.7972216521618708
0.7961072179904753
0.7894140966558929
0.7837496640267942
0.7792294516431417
0.7755688628195023
0.7726393150671187
0.7580062279266767
0.7484817143076907
0.7348621006306384
0.7164707356191177
0.7013972521779527
0.694434556095799
0.6903470183197262
0.6868605451599089
0.6822988159220835
0.6779591307556239
0.6747517729401183
0.6700935337046537
0.6662641050342695
0.6644251692209425
0.6589765409638444
0.6526742710770977
0.6488653487689806
0.645381997900596
0.6398708399712427
0.6354565470259732
0.6317948589566982
0.6293617890835124
0.6247627402095648
0.6216108848270385
0.6191689244383506
0.6194555265209665
0.6167730292584651
0.620643287926524
0.6177662448966829
0.6156265883916857
0.6185164338293905
0.616170959582733
0.6155911608089005
0.6174708360402699
0.6151556627957824
0.6153587063866791
0.6145811703867307
0.6151628280978096
0.6146793438755332
0.6136881839136752
0.61272669535523
0.6129026176206848
0.6123697133886798
0.6114725112722137
