3.400095862055582
3.3187847705114457
3.3075049226246183
3.2872564470957197
3.273147706001524
3.2617702957183594
3.248788589522952
3.2360445998963856
3.223973830540975
3.2105458388252863
3.199648240255931
3.184379363816882
3.1663712490172613
3.14498756234608
3.120870832412962
3.096238891283671
3.0582176503681002
3.0247128350394115
2.991838971773783
2.9503100107586575
2.895434652056013
2.8741403666753618
2.858920835313343
2.8500821268747725
2.837930686890133
2.8230402545323448
2.8143730617704845
2.804758770125253
2.793397386868795
2.7835487903110563
2.7749711540010242
2.7672183248731823
2.755709585689363
2.752662015339685
2.7431705565679643
2.7318150069978504
2.7244785305053467
2.721595355442592
2.70785211192237
2.701472219966707
2.692200984273638
2.6897066812666637
2.6880049270296853
2.6864548202544922
2.693282918324546
2.6861880771697515
2.685702993756249
2.686537534471542
2.683599905362205
2.6875757716950917
2.6833121019696433
2.68203195882222
2.679790528993758
2.682355356594873
2.6774750720886957
2.6776467126513284
2.6812256309721203
2.6781433101684327
2.673780028782194
2.675419671194894
