1.6886281196073107
1.693265173520208
1.6919415519188838
1.6746215217562148
1.661981215928953
1.6581258020837584
1.6584116454483304
1.6606269554681088
1.6584898684123732
1.6376533895722725
1.6300352696494702
1.6251285357982936
1.622591302212973
1.6198565259579918
1.6117976615371368
1.6054090037053508
1.5977093742138557
1.5839930278265084
1.5816685697398392
1.5775179570501747
1.5754623517405222
1.574996066622243
1.5747082214978452
1.5732055466911756
1.5733602920504053
1.5736516229824324
1.5742788336549358
1.5731282411140566
1.572094472163109
1.5720754030930442
1.5719262554107352
1.5705252089961295
1.570966641093436
1.57070579563043
1.5711767686473683
1.5709086943737767
1.5706405851224605
1.570696397879352
1.5693789501628308
1.5686717463903623
1.5683891794298523
1.5675161478302089
1.5695659414739958
1.5678213190989025
1.568471516906423
1.568516475289053
1.5699993606638123
1.56842993897254
1.5708488836536258
1.56901465002478
1.5692865336419894
1.5685062935528788
1.5692982270484184
1.5689237870612467
1.5686461437096337
1.5690396610282162
1.568591376493621
1.5671348935711884
1.5684774408148612
1.5671465924458492
1.5681489548672223
1.5699552940947932
1.5673564797366868
1.5677714609361495
1.5677321977733247
1.5677978455551036
1.5687261747563068
1.5667022984407597
1.5693439889482843
1.5671606849988802
1.5694404119991308
1.5685053971950815
1.569461773956119
1.5680340430719033
1.5675203001470683
1.5682599808659725
1.5687199325650942
1.5704081482115018
1.5693726113479085
1.5684807603166826
1.5687610330442425
1.5682818641622907
1.5683133939321952
1.569706947528385
1.5683054181413427
1.5695978117538114
1.5682326322181845
1.5681880001305057
1.5691101461735812
1.5693992238452266
1.566722925579374
1.569288589675981
1.5663662406741559
1.5680283212424517
1.5679818680701993
1.567268934911635
1.5674006570330594
1.568222997382337
1.5685768150068056
1.5674719621444118
1.5676631561752445
1.5677409215846663
1.5701047651204683
1.5676906905164996
1.5665457330985557
