4.144441639466143
4.084492700836587
4.081572298195671
4.074558532119194
4.070078829198184
4.067976921499765
4.0658587886645545
4.062942279929734
4.05464214977632
4.04900735240442
4.0441194356873975
4.0395541903980545
4.034635830559208
4.027673009226093
4.020597926009929
4.014248126368982
4.006199218109993
3.9972405489100966
3.9883127996691834
3.9804703349686936
3.9743830167573946
3.969411211552414
3.9666170503609997
3.9659860284621535
3.9628220254004596
3.9625419033722227
3.9615668315824086
3.9607438336179106
3.9578427389214603
3.9575565320708823
3.9578897034211016
3.9525532754156676
3.954327487470304
3.952768924624421
3.9512905131938845
3.949272140712041
3.948998654799604
3.94752660304605
3.945903869958415
3.9436404594155245
3.9433505440075134
3.942167117350125
3.9422103511138613
3.9424261967605134
3.9417660632402796
3.9428650730868116
3.9425012962366655
3.9408961934504716
3.944712943808977
3.945094098284395
3.94311325573842
3.941520087346682
3.941882914482953
3.941102607701704
3.940411616797463
3.9424480290903996
3.9426676181463702
3.9402403308703655
3.9431338611235254
3.9379289847275745
3.9416557942514006
3.9413244058919505
3.9386867478836414
3.941865926565126
3.9403285655468405
3.941421399480877
3.94024778600547
3.9425643591389705
3.943556835485059
3.941760785555919
3.9420303712255533
3.9408769211499792
3.9418562401172728
3.9375883455688374
3.9402655905663373
3.9425731703292493
3.9405153447211383
3.9411376465198606
3.942610355706706
3.940315371731983
3.9405818738018557
3.9417751770082896
3.9395692871258503
3.941329319215692
3.940902915111808
3.942665685450912
3.9405764796805145
3.9405451074391107
3.942118067281983
3.9417478364963467
3.940522854510336
3.9421562047495793
3.9384015976788596
3.941519301595086
3.9404348154796716
3.939618542344863
3.938346669523423
3.9403440960221907
3.940632135765101
3.937784027023569
3.9397846892030532
3.9385443882292686
3.941531521141331
3.941486688151312
3.9394521475630344
