1.372495306206434
1.3743983912906346
1.3726566287559923
1.3727078170897395
1.372540320541993
1.3720662699279789
1.3336310499088098
0.9922823232146625
0.9754074029163065
0.9794268676863721
0.9681458168641134
0.9532231490142116
0.9450073403824788
0.9449892283127183
0.9366785676206607
0.9374643407724297
0.9317842379576001
0.9265029526420044
0.9226987194478905
0.9197881897834966
0.9176101952628822
0.9193415069154447
0.9123759703177324
0.9087770672120146
0.9083124208447543
0.9086583843888689
0.9064666733958519
0.9076168865982522
0.9066446295043643
1.37537250121125
1.372746561103043
1.3726724974852293
1.372643902822624
1.372332502288257
1.37176639870039
1.17666752253113
0.9749239717524324
0.9575164888157887
0.9595931348308514
0.943816469709406
0.9257581605680754
0.9162562482017054
0.9058413101044509
0.9030281441217851
0.8927343651564129
0.8937166649027283
0.8844075163098961
0.8901237284452639
0.8927424637927127
0.8954070623730691
0.8926845790932207
0.8779482478848616
0.881737217542778
0.8824100087565028
0.8835352853865948
0.8777961582983775
0.8744966071330511
0.8728287219979659
0.8740529654227427
0.8773018124465111
0.8818778949207627
0.8805570004772922
0.8858250509570192
0.8772006159944907
0.87281612358499
0.8745804614190186
0.8736843559972932
0.8730132734701075
0.8753921731831644
0.8758404905074572
0.8739644501818361
0.8720009380456293
0.8755160845807564
0.8703055948283377
0.8766942562783249
0.8725189433780155
0.8678767049154102
0.8746528895337813
0.8710103778036103
0.8671069872617329
0.8691757488801094
0.8766394048717293
0.8734411953223209
0.8717753246090155
0.8769527682302928
0.8755349668707637
0.8734714923393083
0.8742487062060907
