3.765021496348911
3.7673204531745306
3.6681884035231573
3.665591497269888
3.663087905399383
3.6561018171764554
3.644250442111303
3.627033031176007
3.6108058426115246
3.5936930009296963
3.5742722314501565
3.5603384971618652
3.5411860942840576
3.5286312462791565
3.5077182584338717
3.4934877800563027
3.473730108094594
3.4550343411309377
3.43843736724248
3.4180700078843134
3.4032994395210627
3.380341293319823
3.376098901506454
3.3686759452971202
3.3648421612996904
3.35992603831821
3.360933449533251
3.356071538395352
3.3500899000773354
3.764020654890272
3.6680184602737427
3.6660891203653243
3.663605981402927
3.658060423911564
3.6489983040188987
3.632177890293182
3.613969613635351
3.5923065741856894
3.5732846506058222
3.5522350072860718
3.5334685757046653
3.515669922980051
3.496175760314578
3.478215421949114
3.4550000353465005
3.432918172034006
3.411840207993038
3.3888781770827276
3.3611253405374195
3.328754050391061
3.31483274792868
3.309489055285378
3.3078507374203396
3.2954596773026483
3.2899420583058916
3.2840071084007385
3.277091315814427
3.2754300889514743
3.2677680840567938
3.265899900406126
3.261525068964277
3.2597699997917053
3.2494739956325955
3.244830462667677
3.2442930558371166
3.239425430222163
3.2319135419906133
3.226269428692167
3.228681568115477
3.2218856168171714
3.2167778204357815
3.2228096685712297
3.2237086901589045
3.215533975570921
3.2209841164331587
3.219819182441348
3.2178687765484764
3.2177365866918413
3.2198490604521735
3.214652901604062
3.215041546594529
3.2162458272207353
3.215160950781807
3.213175756590707
3.2145993728486317
3.2125316006796703
3.210267049925668
3.2162589383503746
