3.544614276987441
3.5146489802827228
3.494070139337093
3.469738369292401
3.453711636522983
3.4214208354341222
3.380382279132275
3.330567410651674
3.300735174341405
3.3248835269440997
3.2400155676172133
3.189771779040073
3.1665765199255436
3.1648932822207185
3.457479068573485
3.49674162712503
3.4577647498313415
3.4239353550241347
3.519349143860188
3.49834446704134
3.4885215175912734
3.485867447041451
3.4837779111050544
3.4831945160602
3.481564777962705
3.4837582669359572
3.4802941159999117
3.4786625999085445
3.478124811294231
3.476265699305433
3.4784914305869568
3.475666216079225
3.474816733218254
3.4745561290294567
3.473964348752448
3.4721231714208076
3.4700584690621556
3.470768248781245
3.4704955917723637
3.4686848559278123
3.4643049265475985
3.467889242983879
3.464231516452546
3.4657244175038437
3.466219757465606
3.467784143508749
3.4673132972514376
3.464321047701734
3.4645823519280614
3.467400855206429
3.4638146846852402
3.4658847590710256
3.4674274794598845
3.464711988225896
3.463268921730366
3.4634614878512444
3.465392011277219
3.46385339726793
3.462852640354887
3.462344375062496
3.9237318546214004
