3.6161081175942167
1.6845992956441076
0.9857349055161672
0.8550120977515422
0.9171924427438711
0.9161030041722114
0.8657675674584964
0.7826380083658819
0.6969541996189773
0.7007338317216402
0.7618682293844353
0.6664593420062277
0.5538342430035954
0.5975371410046818
2.5673859523276628
1.3103068985305848
1.1416696216523694
1.0292643448583767
2.5681857864573
1.305848318344389
1.184683041824114
1.1677743023337848
1.1615679033640771
1.1586673810822843
1.1541705950938068
1.3750656661125737
1.1575007976720637
1.1489322255652383
1.1508358080325336
1.1370655732458446
1.1356352019081497
1.118418639291387
1.1173090385232132
1.1173426340911956
1.1099091178463398
1.098415009673613
1.0997915544460295
1.0896493455337095
1.0841248463634001
1.0835151109627759
1.081677628134883
1.0663207443239548
1.0634629203945076
1.0699065961627392
1.069469226179325
1.0677692448446283
1.0638024704594744
1.052501719854542
1.0656966977685765
1.061751077719029
1.0522250708603598
1.0509503181305975
1.0629823145499422
1.0528349758304523
1.0510669516506983
1.0530504422046765
1.0481402241116708
1.0465161127014355
1.042592508340527
1.043205310028841
1.371643332797319
