1.4926973511295596
1.0437025873415384
0.928946655391598
0.9104356040166521
0.8898408840038451
0.8866506244766628
0.8765577222622921
0.8654061222137802
0.858396662501729
0.8538323092443048
0.8492949221817698
0.8481027440880203
0.8428352793667843
0.8386293986986973
0.8360587233484964
0.8407497580823748
0.8442964455544086
0.8633973876129841
0.8439454746555074
0.8340147527329864
0.8307538077602672
0.8284765073668854
0.8249083828747825
0.8243811348289314
0.8236944451139716
0.8242906983695425
0.8233729037318652
0.8224391768849206
0.8237841596819869
0.8224121014705256
0.8219419352595513
0.82246552079683
0.821578890044141
0.82244911667289
0.8207796418876738
0.8206930306831581
0.8205245974672163
0.8215172126435764
0.819398982970108
0.819683209461889
0.8195584536607895
0.8190660838025595
0.8193688037132302
0.8194969229064801
0.8180003555658666
0.8184308471515492
0.81869503761988
0.819428635898133
0.8189714236224092
0.8202138877311372
0.8199959394642758
0.8184707746515104
0.819713025012707
0.8186829794629747
0.8199128080713195
0.8189394091251712
0.8185634315796453
0.8182783378556595
0.8182555871971747
0.8190707039574284
0.818630021904217
0.8190943397258871
0.8185459666570486
0.8184511308604927
0.8182063247988831
0.8190614862739495
0.8190174498085279
0.8178222208157759
0.819321473780001
0.8185029245825348
0.8191600256725735
0.8189676737772338
0.8193052107303326
0.8190588874245327
0.81876278648586
0.8180366730655912
0.8197097911446777
0.8192904802229984
0.819323154548518
0.8197320214023718
0.8197253164138797
0.8190254121044224
0.8192905620243344
0.818128118586934
0.8186839519576468
0.8185484863768415
0.8181035797044992
0.8187386885367682
0.8188290893896225
0.8187218594468267
0.8181212576363921
0.8181396157942297
0.8181776567755096
0.8192462279010523
0.8186676490918976
0.8182749718848782
0.8192072219367984
0.8187720711553549
0.8188128252898773
0.8192120585522884
0.8183325934018921
0.8181281805299926
0.818501907368204
0.8193817182363529
0.8196608484710444
0.8193105058289231
0.8204351826713856
0.8191413708895229
0.8186094941682168
0.8186730651025806
0.8183634078897224
0.8175606746212193
0.8197571665271844
0.8189033098982451
0.8190596733409197
0.8192009811416376
0.8178081506767565
0.8183600755059967
0.8188102556249355
0.8183420364795159
0.8185518194136179
0.8183512191351201
0.8187625532102569
0.8184591628211396
0.8191728447138801
0.8184319164875759
0.8178967646895783
0.8194374386755245
0.8191365848636973
0.818074097803705
0.8190651796513004
0.8188615012250305
0.8193831041986515
0.8191928933406495
0.8182348186436685
0.81906128114066
0.8191707608572405
0.8186564719102858
0.8187354180394146
0.8195238510397176
0.8192413454673897
0.8182904886198465
0.8192242903176603
0.8200874015762031
0.8185128226331773
0.8180174017172728
0.8188940619677832
0.8189586487971171
0.8192031802726852
0.8179710807819187
0.8180718290434549
0.8179834575207646
0.8187853499779565
0.8181542009816392
0.8192846891373368
0.8183271680170472
0.8194969373237248
0.8184229358339751
0.8192569618825112
0.8187152683283763
0.8191428499046912
0.8188610655712266
0.8185470027910248
0.8183760232441051
0.8178115150200679
0.8192154392590029
0.8185717559993198
0.8188916611961419
0.8191215314050594
0.8184081060504607
0.8188301357569376
0.819560524918043
0.8190137966906426
0.8180606165327352
0.8177028960432019
0.8189936365511024
0.8176436683636522
0.8191671480568389
0.8183778478862868
0.8184565513543856
0.8189707913389278
0.818676625004322
0.8179712992001567
0.8192088317510454
0.8182598268983122
0.8188425378551139
0.8184461156417266
0.8177446155333983
0.8184980793456785
