4.075873721873641
3.9505755338953974
3.8301808929126526
3.7588757922087
3.694719979137281
3.6459561891334
3.5857271514461684
3.5439357385286856
3.4949220343681664
3.4521070651437755
3.4009475605036332
3.354824143786763
3.2973741542461306
3.2282244691817072
3.136767251150949
3.046655003810642
3.059704999194985
3.183621827946153
2.91140613365807
2.8607306163572392
2.7983264986462766
2.779374121035452
2.7642241498560605
2.7476814030808865
2.7433626699289215
2.740647190036964
2.732981709546821
2.731997324382744
2.724666184365155
2.7155754447379383
2.71553364465403
2.713656903897409
2.7075523189532005
2.7035235907152244
2.701150110789708
2.6976859125980113
2.6944281167762223
2.690837174158952
2.6879645716708365
2.6820600872419997
2.678787725708413
2.6785935104091303
2.676393909707814
2.674809586566152
2.6760499532832656
2.673750349057473
2.673994386710994
2.6741945260386926
2.674341999415147
2.6743738603750336
2.6724352488090033
2.6715344851991265
2.6720611510482737
2.6715489075429417
2.6707374455524837
2.671078308080122
2.671350681108494
2.670094680152462
2.6694796037832367
2.670241116685329
2.669356262169011
2.6695754029030025
2.669191052351283
2.6686442365678045
2.6662757071941794
2.667765859749626
2.6673412275472748
2.667841814681145
2.6693442620312258
2.668441975235543
2.6683977933421086
2.6685308855633405
2.6673948107367735
2.668829389584817
2.666970123088241
2.6679887248828167
2.668306978834032
2.668126307452636
2.6683827531694178
2.668643449232032
2.667310718682121
2.6690364493880163
2.6668179399547385
2.668180083119592
2.6691183156745377
2.667450506425775
2.6690680489587626
2.668868295378067
2.669114353648848
2.6684887512181685
2.6673183037197075
2.6671920876170314
2.6665988808058425
2.6690203612825005
2.6673669110104887
2.6680721357415287
2.6675140192342357
2.668407322956478
2.6684431435657894
2.669246870813972
2.667229892407541
2.668063444156583
2.668321513654386
2.667555319510425
2.668437829445367
2.6693293137407776
2.668471954193622
2.6687087885961183
2.668028023551865
2.668271457634099
2.6692914186522017
2.6677507284867805
2.6687213820080427
2.6698096234140998
2.6681454395534985
2.6696128092730955
2.6664799012218996
2.6677703651478915
2.668382306431615
2.6675304804133417
2.667414288188136
2.6656077898221953
2.667999107576288
2.669211191196378
2.6676878746957873
2.667437012409451
2.6667564564765094
2.668382625643201
2.666860820447092
2.6677372170445133
2.6677877158421617
2.6686237761348583
2.6673190229358865
2.6688646248408725
2.668613927308903
2.6682614068256263
2.6682889041710536
2.6686641623411465
2.667997259634278
2.669234650475638
2.668062004140049
2.667952451991084
2.6674601667347146
2.667057457160316
2.6669800772619405
2.6677790353464528
2.6681552638247164
2.670124660694718
2.667317936190735
2.669415765426484
2.669032054882113
2.66797003793558
2.6695567816990953
2.667582704379313
2.668272928542077
2.665988871425489
2.667838192461337
2.6665134865580207
2.6678037849375578
2.668736279604839
2.6680051963590703
2.6677809236849663
2.6674620590336695
2.6666485471186845
2.667641727631274
2.6681603783388868
2.668330959307395
2.6671306659216896
2.6687389085459157
2.6691967743971814
2.6673690425201113
2.6676605413126393
2.6681569644383023
2.6676471629412073
2.669009881162168
2.6692057748965645
2.6681336627846144
2.668297069017277
2.667740827382997
2.6693916384167844
2.6675711905837454
2.667423715623114
2.666590924278842
2.669355332257344
2.6675938649034974
2.667246764680476
2.6679954037713847
2.6662086181070324
2.6689188179383643
