4.512314019952331
4.441408666292034
4.418019162746439
4.394929884675138
4.370258300381706
4.344261679566115
4.301184600725436
4.230489721322
4.09429770158116
3.91239295992768
3.721946284063439
3.5888846419993183
3.4597053171096004
3.319047412372884
3.2392685187427777
3.1252373911793394
3.0677119995887736
2.9957990420429486
2.9128918445615697
2.8300538045212513
2.6431358924827673
2.589370233459663
2.5699344347242703
2.538320855309541
2.5252517102067906
2.5032003954461683
2.4806581649399755
2.4682951883187614
2.4450168015059095
2.4305831749837594
2.417430305124221
2.3926713210983466
2.385367002867701
2.370722845010924
2.347560378381439
2.335100706675998
2.3234785227406944
2.308413776079021
2.289257135771754
2.2817139583930115
2.2572811143356666
2.2522074819502986
2.2554040091887972
2.249255521636354
2.244857908187067
2.246247848073146
2.2459493432556306
2.2439559011388
2.243469576585917
2.2386242772575624
2.2403465298345857
2.24038327780745
2.232118394309446
2.234355714255735
2.230500340164451
2.2282625035454804
2.231187577854071
2.2280887558573204
2.2240935305407517
2.222612616427224
2.2237266376428773
2.2250745885092718
2.221596644703587
2.2195188547310387
2.2234700677400814
2.2218385248112855
2.2222953134046826
2.2208863493807596
2.2208355680070913
2.2261062316466447
2.222839492217561
2.2211496259208925
2.2204083778019856
2.220373947424187
2.2211930615051725
2.2177696715566584
2.2175882112355603
2.2217257480668904
2.2200412286487303
2.216928152669398
2.2208696642421426
2.2170888259821107
2.2166138010429326
2.216416321490471
2.215725864258193
2.2167643501871543
2.2189358368776086
2.2179444406989806
2.2205691385150255
2.2204648092797865
2.218766823671108
2.217986272160252
2.218652529609471
2.219025397835824
2.213848052179427
2.2210269818579467
2.2181407382660674
2.217332376208983
2.2182194068842103
2.2193503082541755
2.2194391390926524
2.2217973093142236
2.22259870610035
2.2206273352416077
