3.0254900466196215
0.9600364858019549
0.9399806620670784
0.9327838309653637
0.9246341618139511
0.9147979567020483
0.900782057762298
0.8791225415993174
0.8361315549670543
0.7780715932066724
0.7173532285002882
0.6711888605388072
0.6317963606128428
0.5912039423063272
0.5578105389455836
0.5235101198775269
0.49791799442814333
0.4689950027712216
0.44329942419655044
0.4098871556381599
0.37235939054119044
0.3581982898932791
0.3498430881853666
0.33883161580794807
0.3342914822074605
0.32438301133277875
0.31883725475718416
0.3099686383118981
0.30220138417075343
0.29513903218984194
0.2912130344953731
0.2819196401732031
0.27846973930391417
0.27205484018511567
0.26481398990009436
0.25910209886652646
0.2547116000144054
0.24948159786368315
0.24014069181004696
0.2354348776000731
0.22799286761503593
0.2267742709227185
0.2278510770711126
0.22490257438886324
0.22418682802934103
0.22429768934213568
0.22405001397986576
0.22250972148068546
0.22236196402615402
0.2226107398595779
0.22098459077126303
0.2204463260912375
0.21808841979777632
0.21970463281222483
0.21741871440841076
0.2148945288250623
0.21602056828656407
0.21562817227927655
0.2147765377875326
0.21434005645049498
0.21550547664683434
0.21485254032121273
0.21387589444182467
0.2133800933403236
0.21330531345542178
0.21457064057419764
0.2131113440030982
0.21289013492525305
0.21409450323080545
0.21446356073245856
0.21424431764986399
0.21321685773282464
0.21161108894898426
0.21339034219484782
0.21365998419468915
0.21253070172655236
0.21140183662801457
0.21354843759867087
0.21215480526104916
0.2122429203744993
0.2140415346166566
0.2117180594575853
0.2110158934643457
0.2117959364751762
0.21213313555362745
0.21240570675294365
0.2118167546091479
0.21163703718220825
0.21284361599357574
0.2119992482934878
0.21244531680898035
0.2117649608670691
0.21405106269316035
0.21280182877109388
0.21183616247948733
0.21413953896861565
0.21223964404854329
0.21165970472608306
0.21137167973341944
0.21145154296446925
0.21264275431076898
0.21424586638030169
0.21283697189221992
0.2127367151908991
