3.4123401051700704
3.3177359411031895
3.3106839373560235
3.296060087657211
3.281893210835976
3.2724958009058884
3.263121222505475
3.2509331797609233
3.239517344106542
3.229369630908022
3.2202235826171273
3.203528179980741
3.190180030199561
3.1794329374143393
3.1673649112776956
3.1460338181788376
3.132457402673098
3.1175689508419224
3.107464370161
3.0799132148818216
3.053754657802015
3.047212909943987
3.0416905124588767
3.0426600687574634
3.0344852834644884
3.031107116453718
3.028111502675727
3.022121585241639
3.0179613887673558
3.0171712601538934
3.0121238916227133
3.0094116867178737
3.004299602886238
3.0017259947144157
2.9993523347495805
2.9950809006643766
2.9913861161411397
2.9890665819149205
2.9864218872372468
2.979849621801093
2.977677890569857
2.9782570069379144
2.9744998204826127
2.976476246767705
2.9741406322705863
2.9741578621439415
2.974062166591682
2.973714063663294
2.9722498313035115
2.971607463194592
2.9735333990342547
2.972075370278689
2.971148469660542
2.9716989191451875
2.973711400929064
2.983039088768534
2.9803382547775117
2.9714746522431326
2.968047005115169
2.968893579917379
2.9689897216192564
2.968853154985031
2.9683869026675085
2.96797238954223
2.967938177656419
2.968120227945913
2.9706850523995882
2.9686915425971003
2.970163692342173
