3.7474635634420053
3.802368015304749
3.7907593403347124
1.658310325738134
0.8692155233445644
0.8412696385200652
0.8210464128328493
0.8164104369395139
0.812795163357173
0.8125066168773378
0.8098721774258604
0.797442331106301
0.7985408699580465
0.7993521989233948
0.7982759468660542
0.8051043052595394
0.7822638500378324
0.7830687656579371
0.7900144282162973
0.7716338961217432
0.7812274756425486
0.7724775392604133
0.7694013969372537
0.7617470929119909
0.7684311125983675
0.7653776436101121
0.7644557391390008
0.7656778511034708
0.7528541211736851
0.7630576286265072
0.7624010793480218
0.7610640275347693
0.7480639605195946
0.7582223977876005
0.7586189374707302
0.7464930362868547
0.7459264902514109
0.7562657489074934
0.7532044247427656
0.7444274361441842
0.7496827864738136
0.7426129888961027
0.7417242210905542
0.7401756860458003
0.7477278282287859
0.7476332821681304
0.7388296984870514
0.7479823480573364
0.7476448521049476
0.7406455335234212
0.7472901747338101
0.7394455827207808
0.745261881858587
0.746899281987517
0.7376173337832309
0.7715552070033269
0.769029279760829
0.7458175441953789
0.7355660899266893
0.7448795177167331
0.7376434142997436
0.73778259216372
0.7369845859254098
0.7455847371907114
0.7449321196496704
0.7365075522287803
0.7379248384920531
0.7403657408658276
0.7471298751756899
