4.14442655810486
4.084365030459788
4.077721063480821
4.0648957518644115
4.052069542019866
4.039552964245362
4.024089817192864
4.006382510511582
3.989076473388165
3.9715599443429332
3.9554432183009047
3.9390895144883977
3.921902968637967
3.904567890389021
3.8863800989829027
3.871310578628236
3.85697444095168
3.840778106866881
3.8276688577328803
3.812256558788971
3.7896860327039446
3.782120006821084
3.7787439102350278
3.773071540154492
3.7701469346930416
3.7665500862653865
3.76425140799082
3.7625038790148357
3.757698508988187
3.754950397434425
3.7508904625015007
3.7520556053845984
3.748371738928101
3.7470418393017844
3.7431124183426663
3.741669491676001
3.7388459733158252
3.736952553555815
3.7331136809631045
3.731367592003654
3.727179378370114
3.7268376651396387
3.726181069085764
3.7264930837574197
3.723520090413648
3.7252549032040214
3.7241232719928323
3.7236914888172845
3.7222871352667823
3.722765646107569
3.722705064025828
3.724080749524392
3.7227230230439146
3.723315810048303
3.723305493890249
3.723560139190319
3.7206565090192116
3.7226606738131705
3.7213447854368393
3.7206580599281085
3.7183579186664466
3.720534232763753
3.7206547181075593
3.7220952827669063
3.7213386673467896
3.722198726330881
3.720741435934935
3.721429869978135
3.7214665135671927
3.7221157384473225
3.7206097837302377
3.7211089466893394
3.7196040620835515
3.719908791126999
3.7203675948108152
3.7205545062638596
3.7213857633330893
3.7190151254204022
3.718233963975875
3.719025537421141
3.7190627513137766
3.72119303953608
3.7192274050855163
3.721416943889124
3.7197437531924327
3.7213074400575454
3.7187872558733157
3.717795645279742
3.7204765069524317
3.720317558592736
3.7221301924746695
3.7196841707261297
3.7214678474438943
3.7205643645948747
3.7215349523728074
3.7187223078008507
3.7198556396256253
3.720531688576125
3.720853150484966
3.7194089643978994
3.71901019863116
3.7205157438385923
3.720628488895505
3.72048390901762
3.7188576677708927
3.7203843102502665
3.719628574840254
3.7206980651399224
3.719230851461721
3.7204556599803937
3.719581412318537
3.7192227982999477
3.7189585029880865
3.721084318287745
3.7203349401784496
3.720441911703724
