1.62842843041586
1.6355299496831164
1.4987622435091121
1.200498941275343
1.2408026001134407
1.2200010337629201
1.2250273796908244
1.1822435814466985
1.1201336156675898
1.0903405687688366
1.0889440068532452
1.0487049419621313
1.0764133102454927
1.0500700013530866
1.0040412148878495
0.9913362169621316
0.9906602671257476
0.9780940750503501
0.9662615693492335
0.9640924707821509
0.9574791337046847
0.9496513456563159
0.9458446041362123
0.9475839859556083
0.9443178173211637
0.9445394113417769
0.9426813434784612
0.941845493247794
0.9375975150525199
0.937924871700581
0.9347192017305812
0.9317346910243091
0.9322433695349007
0.9321960170049662
0.9312711225720458
0.9387452393824206
0.9278419102325289
0.9279042320907418
0.9298522484061835
0.9253109659442857
0.9273812141752256
0.932188140680896
0.923683540205505
0.9256760750775321
0.9235410528573401
0.9273608789263429
0.9277451494277668
0.9240650338787976
0.9245312181086709
0.9248258894992851
0.9246288529584928
0.9271253301337681
0.927625033628655
0.9239067835011694
0.9249650973550448
0.9230159216739974
0.9229456018209767
0.9224362930177759
0.9232185173477881
0.9243504268221395
0.923318913799027
0.9245031349491505
0.9228017465587476
0.9233396984018579
0.9310863858240328
0.9242132596754159
0.9205681158266115
0.9201733081959582
0.9232461022283053
0.9224337812549049
0.9249370341750679
0.9223058519199516
0.9227637076696561
0.9222963768626653
0.9249988586634199
0.9245482232936854
0.9234822441585071
0.9264629951459443
0.9257931176762535
0.9222447187066775
0.9237202659056333
0.9236106736705753
0.9210095944998863
0.9215102531297634
0.9223098295835556
0.9240426928560113
0.923734257357439
0.9217733733356195
0.9227765535459584
0.9257935474792196
0.923315666312564
0.9278326084211358
0.92230455446151
0.9211190676143165
0.9230778184674169
0.9205928094378072
0.9220465171346044
0.9260745863957327
0.9238265860574341
0.9248771097371005
0.9225926437923972
0.9224624666478566
0.9213729501031674
0.9227149941298836
0.9248874673019007
0.9248872680482131
0.925711897067926
0.9246536229551946
0.9241775070816599
0.9236840795615229
0.9261655560049552
0.9241317617775943
0.9243289971413186
0.9255784730661073
0.9240375014019425
0.9249211234439099
