3.8098903937313384
3.8014181072971938
3.797916229364871
3.5587541980051043
1.1736476226824617
0.9470603639988732
0.8521390058447494
0.8632544422315218
0.8326349917235749
0.819680966491616
0.8081917615544066
0.8058421118785234
0.803261846724904
0.7972624462526668
0.7905162078724478
0.7870870651211896
0.7844633148724027
0.7795564451360102
0.7805455381882757
0.7763362216326894
0.7624149634144705
0.7637497183569476
0.7593919462318864
0.7582340641442143
0.7572802226521752
0.7582760776718308
0.7570852144403507
0.754021894238317
0.7541942567172947
0.7507669871203398
0.7517246499731578
0.7500260855755443
0.7491677853097172
0.7494349926612183
0.7468370965750875
0.7476098103662577
0.7446557533855038
0.745683039531849
0.7430877300868083
0.7422719817625045
0.7438145518946868
0.7407398147520842
0.7413830564094016
0.7406639192085005
0.7420841689421595
0.7415723002152085
0.756410147787643
0.7405715431360095
0.7409143873275161
0.7399974668806614
0.7420864848056575
0.7393341305284856
0.7433497593819801
0.7417473748384635
0.7392985441382626
0.739222098234788
0.7430456746209112
0.7408860702208664
0.7416957925383362
0.7380912123764397
0.7394616956569964
0.7413007240844443
0.7391573350679003
0.7424334979295597
0.7664705984711279
0.7404014998524807
0.7401165358996323
0.7422569210578003
0.7409376846332799
0.7410725348769015
0.7401349159358896
0.7389550004940767
0.741485482236666
0.739593622474343
0.7411703319383641
0.7389340468450354
0.7403189291694733
0.7385939503624624
0.7413211647157908
0.7413681454304084
0.7398361305143977
0.7400916570155792
0.7406137333806065
0.7401281028410867
0.744198934559343
0.7406190072108064
0.7401772652137507
0.7413489868620767
0.7396691940502275
0.7397223494312364
0.7390578107068244
0.7402151362455824
0.7413131142001567
0.7384877647594187
0.7399410253249592
0.7407265386318439
0.74170131208006
0.7403176769371468
0.7412090073022928
0.7403194648321906
0.7392714662665001
0.7391278482859089
0.7399625907792251
0.7396767184864758
0.7410494960509346
0.7408302072208659
0.739715005689784
0.738209353740601
0.7398256030974465
0.7403826297127984
0.7393016148189278
0.7403932627557926
0.7394024323384935
0.74057402011616
0.7402123955479905
0.7403962160614395
0.7421616422720292
0.7394803192408532
0.7402650583631769
0.7414901812504602
0.7411810365175591
0.7402773915321745
0.7397359287913352
0.740700994700124
0.7402108626675071
0.7395160618996639
0.7391078778483187
0.7396721848759248
0.7404519946587478
0.7406483488592099
0.7398679263071962
0.739746051546975
0.7421928799415513
0.7436828858985586
0.7394479226245816
0.7407084917235255
0.7393407943078344
0.7402381270268819
0.740263256090574
