3.6009591002213326
3.5370006812246224
3.5357740239093176
3.5308358826135335
3.5178726284127486
3.5113459762774015
3.500360573592939
3.4935319360933805
3.482578867360165
3.4753258353785466
3.466119126269692
3.4573716427150525
3.446354555456262
3.4326424316356055
3.424089080409
3.4163442505033395
3.4070771462038945
3.400763894382276
3.393136407199659
3.381357572580639
3.365326232031772
3.364292151049564
3.359765655116031
3.3587350751224316
3.35626799181888
3.3525879979133606
3.3518191952454415
3.349494146673303
3.3478726085863615
3.345197015687039
3.34573979754197
3.342275271290227
3.338651271242844
3.338641389420158
3.334711714794761
3.3336883940194784
3.33256323086588
3.329950705954903
3.3295221862040068
3.3261323822172066
3.3233398763757003
3.3237798590409127
3.326389193534851
3.323173977826771
3.322925947214428
3.3234201418726066
3.332392018092306
3.322309820275558
3.323019200249722
3.3210714490790116
3.321594492385262
3.3231959656665198
3.3224298671672217
3.3221261218974463
3.321411314763521
3.321396131264536
3.322342301669874
3.321161245044909
3.3185530587246546
3.319079188924087
3.3198898309155513
3.321488857269287
3.3194223297269723
3.3206788740660014
3.3276756405830383
3.320043661092457
3.3217527427171407
3.3197486275120784
3.3204069984586617
3.31983125523517
3.320698609477595
3.3213265569586503
3.3224921948031376
3.3206937218967236
3.3201811941046464
3.31866444098322
3.3193614796588293
3.320455187245419
3.320108181551883
3.318389638474113
3.319762829102968
3.3205221201244153
3.3205148358094063
3.319438752375151
3.3223492973729183
3.3206198309597217
3.320844728695719
3.321618833039936
3.319525326553144
3.320384499273802
3.320096897451501
3.319531638371317
3.321189227857088
3.3196467098436857
3.320238389466938
3.319476356631831
3.324223402299379
3.3205196355518543
3.3207552370272184
3.3199643116248283
3.3193560807328475
3.32135986654382
3.323527521208713
3.319715462232891
3.3184801936149597
3.322870053743061
3.319742312556819
3.3205324630988273
3.3199171800362435
3.321357598430232
3.32145357131958
3.319448925946888
3.320753731225666
3.319772880328329
3.319020079938989
3.31829487650018
3.3211187563444438
3.3192010019954883
3.3195070373384574
3.3207177237460486
3.3201607999048734
3.3222040220310816
3.321320558849134
3.3192387568323234
3.31995774883973
3.3209546678944637
3.3202386310226037
3.32020250119661
3.319718156990252
3.321130532967417
3.3195444910149825
3.318669312878659
3.3206360653827063
3.3190112553144755
3.3189670725872644
3.3206303119659424
3.319074866018797
3.3205804228782654
3.319918265468196
