3.5949834818479802
3.6332927734880713
3.6315155068434177
1.4238571121042407
0.85978654383745
0.8289508382029693
0.8490162467739614
0.8155631231098092
0.8048126696118648
0.7972562963027614
0.7970737902931135
0.7879538464775929
0.7854329074564237
0.7804963447679738
0.7717646667255889
0.7693039272300979
0.7572967645764177
0.7441862089563803
0.7390102873162836
0.7227219475050126
0.7100501397997742
0.7070604491184428
0.7014979969215978
0.6990007742968789
0.6989421711738705
0.6937758393839347
0.6913657149757413
0.6884059472954142
0.6857355987591579
0.6821345703941434
0.6786740575129568
0.6767143595535433
0.675544347321627
0.6731268399634173
0.6668851719841306
0.666232606502851
0.6626751659578785
0.6575628237610701
0.6548625621110182
0.6505434115481497
0.6506071796517983
0.6507204363557328
0.648373618982313
0.6508901755047727
0.6476106805497998
0.64963086677664
0.6514537985022102
0.6505246123649957
0.6486608622538882
0.6464117438647348
0.6461962285722193
0.6480657349906763
0.6466634274543852
0.6465018147151512
0.6467835211058642
0.6459518900448857
0.6438858178908131
0.6448126095590483
0.6446368171129945
0.6433202282624542
0.6453139886404848
0.646561928238212
0.6453291899884965
0.6440093691238453
