3.5886478119708123
3.538313236642391
3.5342552712623108
3.5222710193471705
3.5120873222959803
3.5014241680185845
3.4928342332231237
3.4803959714605455
3.470279242130036
3.4608372272329126
3.4523564932194164
3.438294585714949
3.428749995028719
3.4146821448143494
3.3972368925175767
3.383299284792961
3.3610332443359052
3.3422002487994256
3.3270829941364046
3.309467039209731
3.276107331539722
3.267518568546214
3.262060576296867
3.254642128944397
3.2509624070309577
3.2470207442628576
3.241973805934825
3.235992023285399
3.2323655169060888
3.227391633581608
3.223675621316788
3.219343053533676
3.2155812801198755
3.2098384715141135
3.20635395354413
3.2017640129048774
3.1964251538540456
3.191699730589035
3.186699154529166
3.183417173142129
3.180223485256763
3.1781692099063954
3.177544466992642
3.1779820005944432
3.176970106490115
3.174703762886372
3.1759085782030794
3.1763678028228437
3.1754717065932905
3.17325736360347
3.1746963059648556
3.1733278162935945
3.1715049515379237
3.1730230184311563
3.1710139614470463
3.171198053562895
3.1713950481820614
3.1708035342236784
3.1688502189960888
3.1700960448447693
3.169920302451925
3.169154020065957
3.169314572151671
3.1692596115964524
