3.5448461080852307
3.494605911405463
3.4448038716065255
3.3876289474336723
3.328810895744123
3.282250975307665
3.3299412884210287
3.2668846751514233
3.3920837954470984
3.4282483207552055
3.4055733116049516
3.329721369241413
3.2629375583247135
3.2287997760270772
3.18337356103094
3.1601962447166443
3.156125322768563
3.107991381695396
3.0768461729350842
3.0546871768800834
2.9965464943333675
2.9650658588660392
2.954526640866932
2.9494211014948393
2.9438592697444714
2.933445337571596
2.9311907354154085
2.940069063713676
2.9250587381814657
2.914977064258174
2.9107875416153357
2.8949830124252722
2.8956254657946134
2.8860178778046057
2.8830887957623133
2.8745477199554443
2.881911243263044
2.870900910151632
2.8554033386079887
2.8738017866486
2.8552168074407076
2.849979027321464
2.854030602856686
2.8606190555974056
2.853431108750795
2.8442283429597555
2.8499035082365336
2.8397994010072005
2.8434923385318958
2.8344622975901554
2.837427496910095
2.831942705731643
2.8380814947580038
2.830178888220536
2.847746397319593
2.8332254321951615
2.832407744307267
2.822461087452738
2.8365162485524227
2.8389738170724166
2.835510310373808
2.831520356630024
2.8365495957826314
2.830426335334778
2.8390623205586483
2.8319089098980554
2.824423052762684
2.824235887903916
2.8282891260950187
2.8230054503992985
2.8344165965130457
2.8315173732606986
2.825674417771791
2.834584885521939
2.826858912643633
2.83861348817223
2.826130763480538
2.8356349750568994
2.825857466772983
2.83309889467139
2.8327902994657816
2.8299253300616614
2.841909010159342
2.8276352631418327
2.827669767956985
2.832433935843016
2.83364958198447
2.826650205411409
2.8323569987949573
2.8211939930915833
2.8282316672174552
2.828327376591532
2.825398128283651
2.830620361001868
2.829305394699699
2.8215582527612386
2.828166770307641
2.8206263121805693
2.8267596426763033
2.825512393524772
2.823868133519825
2.8307395828397652
2.8252375972898385
2.8384549021720886
2.8407779492829976
2.8264125616926896
2.8247416458631815
2.82718078713668
2.8353424072265625
2.841811462452537
2.8320802795259574
2.8273759860741463
2.82397901384454
2.821130821579381
2.8244565035167493
2.8243036740704586
2.832780455288134
2.8258494672022367
2.8242378925022327
2.8280437620062577
2.840109746707113
2.826857971517663
2.823827385902405
2.8286253057028117
2.8282047416034497
2.8263066975693953
2.8285272027316846
2.8278124050090185
2.8354925858347038
2.8284057504252385
2.8320569741098502
2.8310822248458862
2.831383654945775
2.831291524987472
2.838804116374568
2.8365937785098425
2.8354930971798145
2.8286453673714087
2.8343966101345264
2.8282175346424707
2.831313177158958
2.8303572284547904
2.8292544013575505
2.826837232238368
2.819576953586779
2.820199473908073
2.8394286946246496
2.8309586612801803
2.834345757961273
2.8358886649734094
2.831839144229889
2.8279692656115483
2.8260638870691
2.831634323847921
2.8292523340175024
2.821930104180386
2.8418283619378744
2.832553126310047
2.830005275575738
2.834854747119703
2.834827162717518
2.836156346296009
2.8283776358554236
2.8260476965653267
2.8305709895334745
2.829224771574924
2.827919502007334
2.8303240945464685
2.825305643834566
2.8270577160935653
2.832361550707566
2.8231613855612907
2.8236306152845683
2.8335777583875155
2.828527372134359
2.8246777308614632
2.8234276897028874
2.8301409043763814
2.836845495198902
2.8255405802475777
2.830101596681695
