3.5305428041879847
1.0807084803323252
1.3983581235940001
0.9770310852931435
0.847538857605544
0.8209318989587021
0.772000069164242
0.6522521999116621
1.2884776452170505
1.592882377193189
0.9564042050150843
0.7625125150423622
0.6811141784936053
0.6516472626070092
0.5939178097036965
0.5730369444905724
0.5524597116877573
0.532798399498801
0.5099358248092253
0.47268996347664316
0.43489641332146994
0.42038467047984696
0.4180114235746224
0.4030952651447679
0.4056043285028202
0.4004548604528407
0.39781922150541155
0.38694145072801733
0.384462955450022
0.38837710528604735
0.3850068613142139
0.37557171892406827
0.3703890845903415
0.36288252338735094
0.36278042752118667
0.3612554888825388
0.3583546056404533
0.35327510262413003
0.35036452035406035
0.3560513661200647
0.34694644474252345
0.34788691248674997
0.3419448162985907
0.3405868202424408
0.3444218624645338
0.34035539615089855
0.3409293880097825
0.3463643084468961
0.3374459454718486
0.34014076534524273
0.33844048356023854
0.33923415995291245
0.3353445009629161
0.3398747929740514
0.3344632672087094
0.336098786024647
0.33786698017635586
0.3348516385257603
0.33419491171241755
0.33355079300221424
0.34158328683364236
0.33582816482568073
0.3335544951943178
0.33574117341456794
0.3332919277483351
0.33387742047634456
0.33670164383055473
0.3358348546255707
0.33676729545689066
0.3357253388297384
0.3343744902517691
0.33492885161557423
0.3333322920660121
0.33661345809742543
0.33609218710966465
0.3368258236368761
0.33522189849753
0.3325471929673942
0.3318474700471962
0.3355803464297505
0.3356169970455741
0.3313774639877555
0.335917091428776
0.3350492852407849
0.32768877287208875
0.334147508304228
0.3347495157475878
0.33906665829974586
0.3324918653879439
0.3342586630358134
0.3427450324051106
0.33370662452707334
0.3343752496489588
0.3341321726424669
0.3362720562058078
0.3271478534209678
0.3345294733559152
0.3381340932622641
0.3395652101658451
0.3347483402687284
0.33345689693193953
0.3313099977793479
0.3284482465739996
0.3363602413694006
0.33197521291745763
0.3389834702683565
0.3332393739838351
0.33209863931108613
0.33385425605619035
0.33251285680193343
0.3292671542467993
0.3360398555884487
0.33047701596656737
0.3328054301800767
0.33843922519494773
0.33263159786154756
0.3311297192088145
0.3359058955144918
0.33477589515641265
0.3384482794232712
0.33313048558734604
0.3318213433136643
0.33302795568711613
0.33614719138449006
0.3353158634547389
0.33043317971887
0.33790763517549943
0.3325777522339138
0.3378066204443532
0.3340070177364203
0.33167240561287287
0.33300376481219496
0.3342781964462413
0.3305802621137664
0.32984419471449095
0.3359298197471137
0.33640278586311645
0.3375174636339289
0.33268122450079907
0.33762704909143804
0.3344424200752337
0.3331798615607076
0.33152992388722324
0.33203622666881244
0.3367754825817919
0.3288101689302099
0.3366282065226083
0.3327716301450643
0.33545941520919803
0.3300482008235005
0.33390687721202794
0.3365979095278353
0.3389570124300799
0.3353507717555406
0.33270785551589116
0.3311999719404831
0.33255576763214284
0.3321103622474012
0.3327971059896584
0.33099592763938174
0.33307664079934785
0.3345135165745088
0.331850621298804
0.3348781707841927
0.3333130455967255
0.33546364573102244
0.33430210778122604
0.3277089968445282
0.33486978515767807
0.33256843932897234
0.331859242656796
0.33360376893503285
0.3336668031482356
0.33397265997409054
0.32955186107761886
0.33462024114498923
0.3323580117428043
0.3325251384923403
0.3350393362720994
0.3298752726824335
0.33726317215313484
