1.6885811135358324
1.6927415821947545
1.6856132406939124
1.6689725879362995
1.6705318711535402
1.671819362379138
1.6709781838639346
1.6702753574102909
1.6718840136684148
1.6734888798750371
1.6730366169873163
1.6726403195656228
1.671729217571856
1.6706873067373031
1.6702973557405096
1.6701306807788794
1.670223802627843
1.6701735363997918
1.6713283946567943
1.6718086258225398
1.671484851215833
1.6723052683366995
1.6722942889428012
1.6715444197880138
1.671792659663193
1.6723442260011943
1.671832574398551
1.6728403809051433
1.6724214959362294
1.6722969167619957
1.6714306460079218
1.6722372156110765
1.670731738355363
1.6704198332976685
1.6704728089423626
1.6692200667477388
1.6685464221504676
1.6675886607782915
1.6672617949114736
1.6671820570135563
1.666635958688173
1.6672024421653273
1.667038311080624
1.6673406578808554
1.6673086668741022
1.6670236500735154
1.666688617138879
1.6667760801629115
1.6667151000748213
1.6667662743959515
1.6672834945862536
1.666894707430958
1.6666717207682444
1.6668080866844248
1.6671377598361563
1.6669318295579927
1.6666404554759524
1.6671247733792915
1.666931914636582
1.6675833612270092
1.666869328165739
1.667108411245914
1.6664010722557308
1.6670003877898911
1.6667612192096366
1.6668849717809582
1.6670615534631288
1.6668102047563766
1.6668374563305695
1.6671145045254125
1.6669082107733733
1.666734729173702
1.6671342417647872
1.6674148563722362
1.6668636507727987
1.6672575733183201
1.6670060394879473
1.6669486896591998
1.666886404581644
1.666864429199775
1.667131609820909
1.6677218129580522
1.6669071621276124
1.6672311425534663
1.667213828444071
1.667116464787664
1.667135846986445
1.6667568032035753
1.6670116732583662
1.6666628042134473
1.6669944235818095
