3.6489818381549712
3.5641799924379574
3.556205778645161
3.5439613477844847
3.5402920822847515
3.5374807883379167
3.535633242932936
3.534922609305441
3.533256431470191
3.5322004464499077
3.5314360532974662
3.53035044967385
3.52994779398911
3.5279949430812922
3.526495459668357
3.5258160166609613
3.5253662658748484
3.5247151536537227
3.5242768856058095
3.5240642180169313
3.5215891364803933
3.5213448210547393
3.5210706539582137
3.5212165405625417
3.5211083080405903
3.521037121366087
3.520899373694251
3.520915040946066
3.5207102459267787
3.5205063076685192
3.5201320630356556
3.519636395566184
3.519160844441364
3.5185189710888185
3.518139526433778
3.5171754378035778
3.5166744835061623
3.515638067240727
3.5148405434187513
3.5139355445443248
3.5127484281164154
3.5127135964105847
3.512422697205199
3.512383122693868
3.5123915143143805
3.5120177643554764
3.511977032235733
3.51192769207562
3.511655675502787
3.5115983723999555
3.5114954064909063
3.5112947353401087
3.511247630725775
3.5110740352449867
3.5109540910792174
3.51090569210766
3.510470013368754
3.510573725450663
3.51041816594892
3.5103562567894
3.5101726709161314
3.510181803358463
3.510177371507868
3.510193485274279
3.5100786424337183
3.510059114703514
3.509990130873987
3.5101840531736834
3.510084366857857
3.509968963941731
3.510110393723942
3.5099369052639626
3.5099769108313277
3.5099710805755007
3.509942840756918
3.50997119829839
3.509955803355077
3.5099845860069827
3.5099597678814742
3.510000102835106
3.5098742445805424
3.509983357051364
3.510112223185209
3.509903695517942
3.509988373354486
3.509875898052035
3.509969850430762
3.5098913340199913
3.5098605280802433
3.5099445887634584
3.5098741869082177
